11:05:42 | DENSIFIKASI KG -- EMBED_SIM (cosine similarity embedding Title+Body)
11:05:42 | Log file: logs/20260831T040542Z_densify_embedding_similarity.log
11:05:42 | [config] stage=edges top_k=10 cosine_threshold=0.7 trust_weight=0.4
11:05:42 | Neo4j URI: bolt://localhost:7687 | User: neo4j | Database: graphrag
11:05:42 | Terhubung ke Neo4j.
11:05:42 | ==============================================================================
11:05:42 | STEP 2 - Build FAISS ANN index + cari top-K tetangga + tulis edge EMBED_SIM
11:05:42 | ==============================================================================
11:05:42 | Embedding dimuat: 2,685,814 vektor (dim=384)
11:05:42 | [faiss] Memuat index dari cache -> _kg_workspace/question_embeddings_ivf.faiss
11:05:59 | [faiss] Index dimuat: 2,685,814 vektor, nprobe=32 (pakai --rebuild-index kalau embedding berubah)
11:05:59 | [search] Mencari top-10 tetangga per node (cosine >= 0.7)...
11:07:40 |   ... 10,000/2,685,814 query selesai (99/detik, ETA ~451.6 menit)
11:17:16 |   ... 210,000/2,685,814 query selesai (310/detik, ETA ~133.0 menit)
11:25:30 |   ... 410,000/2,685,814 query selesai (350/detik, ETA ~108.4 menit)
11:32:25 |   ... 610,000/2,685,814 query selesai (385/detik, ETA ~89.9 menit)
11:40:13 |   ... 810,000/2,685,814 query selesai (394/detik, ETA ~79.3 menit)
11:46:30 |   ... 1,010,000/2,685,814 query selesai (415/detik, ETA ~67.2 menit)
11:53:30 |   ... 1,210,000/2,685,814 query selesai (424/detik, ETA ~58.0 menit)
12:00:05 |   ... 1,410,000/2,685,814 query selesai (434/detik, ETA ~49.0 menit)
12:10:21 |   ... 1,610,000/2,685,814 query selesai (417/detik, ETA ~43.0 menit)
12:19:35 |   ... 1,810,000/2,685,814 query selesai (410/detik, ETA ~35.6 menit)
12:31:48 |   ... 2,010,000/2,685,814 query selesai (390/detik, ETA ~28.9 menit)
12:51:32 |   ... 2,210,000/2,685,814 query selesai (349/detik, ETA ~22.7 menit)
13:13:57 |   ... 2,410,000/2,685,814 query selesai (314/detik, ETA ~14.6 menit)
13:31:44 |   ... 2,610,000/2,685,814 query selesai (298/detik, ETA ~4.2 menit)
13:35:26 | [search] Edge EMBED_SIM ditemukan: 10,141,497 dari 1,736,862 Question sumber unik
13:35:26 | Menulis edge EMBED_SIM ke Neo4j...
13:36:12 |   [EMBED_SIM] 100,000/10,141,497 baris tertulis (2,178 baris/detik, ETA ~76.8 menit)
13:36:30 |   [EMBED_SIM] 200,000/10,141,497 baris tertulis (3,107 baris/detik, ETA ~53.3 menit)
13:36:53 |   [EMBED_SIM] 300,000/10,141,497 baris tertulis (3,436 baris/detik, ETA ~47.7 menit)
13:37:21 |   [EMBED_SIM] 400,000/10,141,497 baris tertulis (3,491 baris/detik, ETA ~46.5 menit)
13:37:46 |   [EMBED_SIM] 500,000/10,141,497 baris tertulis (3,565 baris/detik, ETA ~45.1 menit)
13:38:17 |   [EMBED_SIM] 600,000/10,141,497 baris tertulis (3,520 baris/detik, ETA ~45.2 menit)
13:38:41 |   [EMBED_SIM] 700,000/10,141,497 baris tertulis (3,596 baris/detik, ETA ~43.8 menit)
13:39:06 |   [EMBED_SIM] 800,000/10,141,497 baris tertulis (3,645 baris/detik, ETA ~42.7 menit)
13:39:28 |   [EMBED_SIM] 900,000/10,141,497 baris tertulis (3,717 baris/detik, ETA ~41.4 menit)
13:39:51 |   [EMBED_SIM] 1,000,000/10,141,497 baris tertulis (3,770 baris/detik, ETA ~40.4 menit)
13:40:15 |   [EMBED_SIM] 1,100,000/10,141,497 baris tertulis (3,813 baris/detik, ETA ~39.5 menit)
13:40:39 |   [EMBED_SIM] 1,200,000/10,141,497 baris tertulis (3,832 baris/detik, ETA ~38.9 menit)
13:41:04 |   [EMBED_SIM] 1,300,000/10,141,497 baris tertulis (3,844 baris/detik, ETA ~38.3 menit)
13:41:28 |   [EMBED_SIM] 1,400,000/10,141,497 baris tertulis (3,868 baris/detik, ETA ~37.7 menit)
13:41:53 |   [EMBED_SIM] 1,500,000/10,141,497 baris tertulis (3,880 baris/detik, ETA ~37.1 menit)
13:42:18 |   [EMBED_SIM] 1,600,000/10,141,497 baris tertulis (3,885 baris/detik, ETA ~36.6 menit)
13:42:47 |   [EMBED_SIM] 1,700,000/10,141,497 baris tertulis (3,859 baris/detik, ETA ~36.5 menit)
13:43:13 |   [EMBED_SIM] 1,800,000/10,141,497 baris tertulis (3,853 baris/detik, ETA ~36.1 menit)
13:43:39 |   [EMBED_SIM] 1,900,000/10,141,497 baris tertulis (3,857 baris/detik, ETA ~35.6 menit)
13:44:06 |   [EMBED_SIM] 2,000,000/10,141,497 baris tertulis (3,843 baris/detik, ETA ~35.3 menit)
13:44:35 |   [EMBED_SIM] 2,100,000/10,141,497 baris tertulis (3,828 baris/detik, ETA ~35.0 menit)
13:45:05 |   [EMBED_SIM] 2,200,000/10,141,497 baris tertulis (3,800 baris/detik, ETA ~34.8 menit)
13:45:38 |   [EMBED_SIM] 2,300,000/10,141,497 baris tertulis (3,757 baris/detik, ETA ~34.8 menit)
13:46:07 |   [EMBED_SIM] 2,400,000/10,141,497 baris tertulis (3,743 baris/detik, ETA ~34.5 menit)
13:46:34 |   [EMBED_SIM] 2,500,000/10,141,497 baris tertulis (3,742 baris/detik, ETA ~34.0 menit)
13:47:02 |   [EMBED_SIM] 2,600,000/10,141,497 baris tertulis (3,734 baris/detik, ETA ~33.7 menit)
13:47:31 |   [EMBED_SIM] 2,700,000/10,141,497 baris tertulis (3,725 baris/detik, ETA ~33.3 menit)
13:48:00 |   [EMBED_SIM] 2,800,000/10,141,497 baris tertulis (3,714 baris/detik, ETA ~32.9 menit)
13:48:29 |   [EMBED_SIM] 2,900,000/10,141,497 baris tertulis (3,704 baris/detik, ETA ~32.6 menit)
13:49:04 |   [EMBED_SIM] 3,000,000/10,141,497 baris tertulis (3,668 baris/detik, ETA ~32.4 menit)
13:49:33 |   [EMBED_SIM] 3,100,000/10,141,497 baris tertulis (3,659 baris/detik, ETA ~32.1 menit)
13:50:01 |   [EMBED_SIM] 3,200,000/10,141,497 baris tertulis (3,659 baris/detik, ETA ~31.6 menit)
13:50:28 |   [EMBED_SIM] 3,300,000/10,141,497 baris tertulis (3,657 baris/detik, ETA ~31.2 menit)
13:50:58 |   [EMBED_SIM] 3,400,000/10,141,497 baris tertulis (3,650 baris/detik, ETA ~30.8 menit)
13:51:26 |   [EMBED_SIM] 3,500,000/10,141,497 baris tertulis (3,648 baris/detik, ETA ~30.3 menit)
13:51:55 |   [EMBED_SIM] 3,600,000/10,141,497 baris tertulis (3,640 baris/detik, ETA ~30.0 menit)
13:52:25 |   [EMBED_SIM] 3,700,000/10,141,497 baris tertulis (3,632 baris/detik, ETA ~29.6 menit)
13:52:54 |   [EMBED_SIM] 3,800,000/10,141,497 baris tertulis (3,626 baris/detik, ETA ~29.1 menit)
13:53:29 |   [EMBED_SIM] 3,900,000/10,141,497 baris tertulis (3,602 baris/detik, ETA ~28.9 menit)
13:53:58 |   [EMBED_SIM] 4,000,000/10,141,497 baris tertulis (3,599 baris/detik, ETA ~28.4 menit)
13:54:27 |   [EMBED_SIM] 4,100,000/10,141,497 baris tertulis (3,594 baris/detik, ETA ~28.0 menit)
13:54:54 |   [EMBED_SIM] 4,200,000/10,141,497 baris tertulis (3,595 baris/detik, ETA ~27.5 menit)
13:55:23 |   [EMBED_SIM] 4,300,000/10,141,497 baris tertulis (3,593 baris/detik, ETA ~27.1 menit)
13:55:53 |   [EMBED_SIM] 4,400,000/10,141,497 baris tertulis (3,587 baris/detik, ETA ~26.7 menit)
13:56:24 |   [EMBED_SIM] 4,500,000/10,141,497 baris tertulis (3,577 baris/detik, ETA ~26.3 menit)
13:56:57 |   [EMBED_SIM] 4,600,000/10,141,497 baris tertulis (3,562 baris/detik, ETA ~25.9 menit)
13:57:27 |   [EMBED_SIM] 4,700,000/10,141,497 baris tertulis (3,558 baris/detik, ETA ~25.5 menit)
13:57:57 |   [EMBED_SIM] 4,800,000/10,141,497 baris tertulis (3,552 baris/detik, ETA ~25.1 menit)
13:58:35 |   [EMBED_SIM] 4,900,000/10,141,497 baris tertulis (3,529 baris/detik, ETA ~24.8 menit)
13:59:13 |   [EMBED_SIM] 5,000,000/10,141,497 baris tertulis (3,503 baris/detik, ETA ~24.5 menit)
13:59:49 |   [EMBED_SIM] 5,100,000/10,141,497 baris tertulis (3,486 baris/detik, ETA ~24.1 menit)
14:00:40 |   [EMBED_SIM] 5,200,000/10,141,497 baris tertulis (3,435 baris/detik, ETA ~24.0 menit)
14:01:18 |   [EMBED_SIM] 5,300,000/10,141,497 baris tertulis (3,415 baris/detik, ETA ~23.6 menit)
14:02:01 |   [EMBED_SIM] 5,400,000/10,141,497 baris tertulis (3,385 baris/detik, ETA ~23.3 menit)
14:02:37 |   [EMBED_SIM] 5,500,000/10,141,497 baris tertulis (3,372 baris/detik, ETA ~22.9 menit)
14:03:15 |   [EMBED_SIM] 5,600,000/10,141,497 baris tertulis (3,355 baris/detik, ETA ~22.6 menit)
14:03:53 |   [EMBED_SIM] 5,700,000/10,141,497 baris tertulis (3,340 baris/detik, ETA ~22.2 menit)
14:04:26 |   [EMBED_SIM] 5,800,000/10,141,497 baris tertulis (3,334 baris/detik, ETA ~21.7 menit)
14:04:59 |   [EMBED_SIM] 5,900,000/10,141,497 baris tertulis (3,329 baris/detik, ETA ~21.2 menit)
14:05:31 |   [EMBED_SIM] 6,000,000/10,141,497 baris tertulis (3,324 baris/detik, ETA ~20.8 menit)
14:06:05 |   [EMBED_SIM] 6,100,000/10,141,497 baris tertulis (3,318 baris/detik, ETA ~20.3 menit)
14:06:37 |   [EMBED_SIM] 6,200,000/10,141,497 baris tertulis (3,314 baris/detik, ETA ~19.8 menit)
14:07:09 |   [EMBED_SIM] 6,300,000/10,141,497 baris tertulis (3,310 baris/detik, ETA ~19.3 menit)
14:07:43 |   [EMBED_SIM] 6,400,000/10,141,497 baris tertulis (3,304 baris/detik, ETA ~18.9 menit)
14:08:16 |   [EMBED_SIM] 6,500,000/10,141,497 baris tertulis (3,299 baris/detik, ETA ~18.4 menit)
14:08:50 |   [EMBED_SIM] 6,600,000/10,141,497 baris tertulis (3,293 baris/detik, ETA ~17.9 menit)
14:09:33 |   [EMBED_SIM] 6,700,000/10,141,497 baris tertulis (3,273 baris/detik, ETA ~17.5 menit)
14:10:10 |   [EMBED_SIM] 6,800,000/10,141,497 baris tertulis (3,263 baris/detik, ETA ~17.1 menit)
14:10:45 |   [EMBED_SIM] 6,900,000/10,141,497 baris tertulis (3,256 baris/detik, ETA ~16.6 menit)
14:11:30 |   [EMBED_SIM] 7,000,000/10,141,497 baris tertulis (3,234 baris/detik, ETA ~16.2 menit)
14:12:10 |   [EMBED_SIM] 7,100,000/10,141,497 baris tertulis (3,222 baris/detik, ETA ~15.7 menit)
14:12:45 |   [EMBED_SIM] 7,200,000/10,141,497 baris tertulis (3,216 baris/detik, ETA ~15.2 menit)
14:13:19 |   [EMBED_SIM] 7,300,000/10,141,497 baris tertulis (3,212 baris/detik, ETA ~14.7 menit)
14:13:54 |   [EMBED_SIM] 7,400,000/10,141,497 baris tertulis (3,207 baris/detik, ETA ~14.2 menit)
14:14:31 |   [EMBED_SIM] 7,500,000/10,141,497 baris tertulis (3,198 baris/detik, ETA ~13.8 menit)
14:15:10 |   [EMBED_SIM] 7,600,000/10,141,497 baris tertulis (3,187 baris/detik, ETA ~13.3 menit)
14:15:46 |   [EMBED_SIM] 7,700,000/10,141,497 baris tertulis (3,182 baris/detik, ETA ~12.8 menit)
14:16:24 |   [EMBED_SIM] 7,800,000/10,141,497 baris tertulis (3,174 baris/detik, ETA ~12.3 menit)
14:17:01 |   [EMBED_SIM] 7,900,000/10,141,497 baris tertulis (3,166 baris/detik, ETA ~11.8 menit)
14:17:44 |   [EMBED_SIM] 8,000,000/10,141,497 baris tertulis (3,152 baris/detik, ETA ~11.3 menit)
14:18:21 |   [EMBED_SIM] 8,100,000/10,141,497 baris tertulis (3,146 baris/detik, ETA ~10.8 menit)
14:18:57 |   [EMBED_SIM] 8,200,000/10,141,497 baris tertulis (3,141 baris/detik, ETA ~10.3 menit)
14:19:32 |   [EMBED_SIM] 8,300,000/10,141,497 baris tertulis (3,137 baris/detik, ETA ~9.8 menit)
14:20:10 |   [EMBED_SIM] 8,400,000/10,141,497 baris tertulis (3,130 baris/detik, ETA ~9.3 menit)
14:20:47 |   [EMBED_SIM] 8,500,000/10,141,497 baris tertulis (3,124 baris/detik, ETA ~8.8 menit)
14:21:26 |   [EMBED_SIM] 8,600,000/10,141,497 baris tertulis (3,116 baris/detik, ETA ~8.2 menit)
14:22:03 |   [EMBED_SIM] 8,700,000/10,141,497 baris tertulis (3,110 baris/detik, ETA ~7.7 menit)
14:22:39 |   [EMBED_SIM] 8,800,000/10,141,497 baris tertulis (3,106 baris/detik, ETA ~7.2 menit)
14:23:15 |   [EMBED_SIM] 8,900,000/10,141,497 baris tertulis (3,102 baris/detik, ETA ~6.7 menit)
14:23:49 |   [EMBED_SIM] 9,000,000/10,141,497 baris tertulis (3,100 baris/detik, ETA ~6.1 menit)
14:24:24 |   [EMBED_SIM] 9,100,000/10,141,497 baris tertulis (3,098 baris/detik, ETA ~5.6 menit)
14:25:01 |   [EMBED_SIM] 9,200,000/10,141,497 baris tertulis (3,092 baris/detik, ETA ~5.1 menit)
14:25:39 |   [EMBED_SIM] 9,300,000/10,141,497 baris tertulis (3,087 baris/detik, ETA ~4.5 menit)
14:26:26 |   [EMBED_SIM] 9,400,000/10,141,497 baris tertulis (3,072 baris/detik, ETA ~4.0 menit)
14:27:01 |   [EMBED_SIM] 9,500,000/10,141,497 baris tertulis (3,069 baris/detik, ETA ~3.5 menit)
14:27:34 |   [EMBED_SIM] 9,600,000/10,141,497 baris tertulis (3,069 baris/detik, ETA ~2.9 menit)
14:28:21 |   [EMBED_SIM] 9,700,000/10,141,497 baris tertulis (3,055 baris/detik, ETA ~2.4 menit)
14:28:59 |   [EMBED_SIM] 9,800,000/10,141,497 baris tertulis (3,050 baris/detik, ETA ~1.9 menit)
14:29:35 |   [EMBED_SIM] 9,900,000/10,141,497 baris tertulis (3,047 baris/detik, ETA ~1.3 menit)
14:30:16 |   [EMBED_SIM] 10,000,000/10,141,497 baris tertulis (3,039 baris/detik, ETA ~0.8 menit)
14:30:57 |   [EMBED_SIM] 10,100,000/10,141,497 baris tertulis (3,032 baris/detik, ETA ~0.2 menit)
14:31:12 |   [EMBED_SIM] 10,141,497/10,141,497 baris tertulis (3,031 baris/detik, ETA ~0.0 menit)
14:31:12 |   Neo4j EMBED_SIM: 10,141,497
14:31:14 | ==============================================================================
14:31:14 | SELESAI dalam 205.5 menit
14:31:14 | ==============================================================================
