14:06:39 | DENSIFIKASI KG -- TAG_COOCCUR (Jaccard similarity)
14:06:39 | Log file: logs/20260830T070639Z_densify_tag_cooccurrence.log
14:06:39 | [config] max_df=500 jaccard_threshold=0.3 top_k=20 trust_weight=0.6
14:06:39 | [config] memory_limit=2GB threads=2 temp_directory=_kg_workspace/_duckdb_tmp workspace_db=_kg_workspace/_workspace_tag_cooccur.duckdb
14:06:39 | ==============================================================================
14:06:39 | STEP 1 - Koneksi Neo4j
14:06:39 | ==============================================================================
14:06:40 | Neo4j URI: bolt://localhost:7687 | User: neo4j | Database: graphrag
14:06:40 | Terhubung ke Neo4j.
14:06:40 | ==============================================================================
14:06:40 | STEP 2 - Tarik edge TAGGED_WITH dari Neo4j
14:06:40 | ==============================================================================
14:06:40 | Edge TAGGED_WITH di Neo4j: 8,525,257 -- menarik semua ke DuckDB...
14:07:03 |   ... 1,000,000 baris ditarik (41,825 baris/detik)
14:07:23 |   ... 2,000,000 baris ditarik (45,782 baris/detik)
14:07:43 |   ... 3,000,000 baris ditarik (47,658 baris/detik)
14:08:02 |   ... 4,000,000 baris ditarik (48,768 baris/detik)
14:08:21 |   ... 5,000,000 baris ditarik (49,509 baris/detik)
14:08:39 |   ... 6,000,000 baris ditarik (50,032 baris/detik)
14:08:59 |   ... 7,000,000 baris ditarik (50,337 baris/detik)
14:09:17 |   ... 8,000,000 baris ditarik (50,718 baris/detik)
14:09:29 | Total TAGGED_WITH ditarik: 8,525,257
14:09:29 | ==============================================================================
14:09:29 | STEP 3 - Hitung tag co-occurrence (DuckDB: tag informatif -> candidate pair -> Jaccard -> top-K)
14:09:29 | ==============================================================================
14:09:30 | [tag-freq] Tag total: 56,435 | Tag informatif (df<=500): 54,502 (96.6%)
14:09:30 | [tag-freq] Question dengan >=1 tag informatif: 1,257,206
14:09:30 | [safety-check] Estimasi upper-bound directed candidate pair: 307,415,722 (SUM(df*(df-1)) per tag informatif -- overcount kalau ada tag ganda, aman sbg batas atas)
14:09:30 | [candidate-pairs] Menjalankan self-join (bisa lama tergantung ukuran estimasi di atas)...
14:10:23 | [candidate-pairs] Selesai dalam 53.0s -- 303,496,372 pasangan directed (sebelum filter Jaccard)
14:10:59 | [jaccard] Pasangan dengan Jaccard >= 0.3: 261,470,156
