15:36:24 | DENSIFIKASI KG -- EMBED_SIM (cosine similarity embedding Title+Body)
15:36:24 | Log file: logs/20260830T083624Z_densify_embedding_similarity.log
15:36:24 | [config] stage=encode top_k=10 cosine_threshold=0.7 trust_weight=0.4
15:36:24 | Neo4j URI: bolt://localhost:7687 | User: neo4j | Database: graphrag
15:36:24 | Terhubung ke Neo4j.
15:36:24 | ==============================================================================
15:36:24 | STEP 1 - Encode embedding Title+Body (resumable)
15:36:24 | ==============================================================================
15:36:26 | Total Question untuk di-encode: 2,685,814
15:36:26 | [fresh] Tidak ada checkpoint -- mulai encoding dari awal.
15:36:26 | [device] MPS (Apple Silicon GPU) tersedia -- dipakai untuk encoding.
15:39:21 |   ... 20,000/2,685,814 ter-encode & checkpoint tersimpan (114.9 teks/detik, ETA ~386.6 menit)
15:43:21 |   ... 40,000/2,685,814 ter-encode & checkpoint tersimpan (96.7 teks/detik, ETA ~456.0 menit)
15:47:55 |   ... 60,000/2,685,814 ter-encode & checkpoint tersimpan (87.2 teks/detik, ETA ~501.7 menit)
15:52:30 |   ... 80,000/2,685,814 ter-encode & checkpoint tersimpan (83.1 teks/detik, ETA ~522.8 menit)
15:57:14 |   ... 100,000/2,685,814 ter-encode & checkpoint tersimpan (80.2 teks/detik, ETA ~537.3 menit)
16:02:14 |   ... 120,000/2,685,814 ter-encode & checkpoint tersimpan (77.6 teks/detik, ETA ~551.4 menit)
16:07:59 |   ... 140,000/2,685,814 ter-encode & checkpoint tersimpan (74.0 teks/detik, ETA ~573.4 menit)
16:12:45 |   ... 160,000/2,685,814 ter-encode & checkpoint tersimpan (73.4 teks/detik, ETA ~573.2 menit)
16:18:07 |   ... 180,000/2,685,814 ter-encode & checkpoint tersimpan (72.0 teks/detik, ETA ~580.0 menit)
16:23:22 |   ... 200,000/2,685,814 ter-encode & checkpoint tersimpan (71.0 teks/detik, ETA ~583.1 menit)
16:28:38 |   ... 220,000/2,685,814 ter-encode & checkpoint tersimpan (70.3 teks/detik, ETA ~585.0 menit)
16:34:11 |   ... 240,000/2,685,814 ter-encode & checkpoint tersimpan (69.3 teks/detik, ETA ~588.4 menit)
16:41:24 |   ... 260,000/2,685,814 ter-encode & checkpoint tersimpan (66.7 teks/detik, ETA ~606.0 menit)
16:48:57 |   ... 280,000/2,685,814 ter-encode & checkpoint tersimpan (64.4 teks/detik, ETA ~623.0 menit)
16:56:12 |   ... 300,000/2,685,814 ter-encode & checkpoint tersimpan (62.7 teks/detik, ETA ~634.3 menit)
17:03:35 |   ... 320,000/2,685,814 ter-encode & checkpoint tersimpan (61.2 teks/detik, ETA ~644.2 menit)
17:39:59 |   ... 340,000/2,685,814 ter-encode & checkpoint tersimpan (45.9 teks/detik, ETA ~852.4 menit)
18:13:14 |   ... 360,000/2,685,814 ter-encode & checkpoint tersimpan (38.3 teks/detik, ETA ~1013.0 menit)
18:45:50 |   ... 380,000/2,685,814 ter-encode & checkpoint tersimpan (33.4 teks/detik, ETA ~1149.2 menit)
18:53:58 |   ... 400,000/2,685,814 ter-encode & checkpoint tersimpan (33.8 teks/detik, ETA ~1128.7 menit)
18:57:09 |   ... 420,000/2,685,814 ter-encode & checkpoint tersimpan (34.9 teks/detik, ETA ~1082.7 menit)
19:00:34 |   ... 440,000/2,685,814 ter-encode & checkpoint tersimpan (35.9 teks/detik, ETA ~1041.9 menit)
19:03:56 |   ... 460,000/2,685,814 ter-encode & checkpoint tersimpan (36.9 teks/detik, ETA ~1004.0 menit)
19:07:19 |   ... 480,000/2,685,814 ter-encode & checkpoint tersimpan (37.9 teks/detik, ETA ~969.0 menit)
19:10:43 |   ... 500,000/2,685,814 ter-encode & checkpoint tersimpan (38.9 teks/detik, ETA ~936.7 menit)
19:14:06 |   ... 520,000/2,685,814 ter-encode & checkpoint tersimpan (39.8 teks/detik, ETA ~906.5 menit)
19:17:33 |   ... 540,000/2,685,814 ter-encode & checkpoint tersimpan (40.7 teks/detik, ETA ~878.6 menit)
19:20:59 |   ... 560,000/2,685,814 ter-encode & checkpoint tersimpan (41.6 teks/detik, ETA ~852.4 menit)
19:24:44 |   ... 580,000/2,685,814 ter-encode & checkpoint tersimpan (42.3 teks/detik, ETA ~828.8 menit)
19:28:09 |   ... 600,000/2,685,814 ter-encode & checkpoint tersimpan (43.2 teks/detik, ETA ~805.5 menit)
19:31:34 |   ... 620,000/2,685,814 ter-encode & checkpoint tersimpan (43.9 teks/detik, ETA ~783.4 menit)
19:34:57 |   ... 640,000/2,685,814 ter-encode & checkpoint tersimpan (44.7 teks/detik, ETA ~762.4 menit)
19:38:31 |   ... 660,000/2,685,814 ter-encode & checkpoint tersimpan (45.4 teks/detik, ETA ~743.0 menit)
19:42:08 |   ... 680,000/2,685,814 ter-encode & checkpoint tersimpan (46.1 teks/detik, ETA ~724.7 menit)
19:46:05 |   ... 700,000/2,685,814 ter-encode & checkpoint tersimpan (46.7 teks/detik, ETA ~708.2 menit)
19:49:39 |   ... 720,000/2,685,814 ter-encode & checkpoint tersimpan (47.4 teks/detik, ETA ~691.3 menit)
19:53:14 |   ... 740,000/2,685,814 ter-encode & checkpoint tersimpan (48.0 teks/detik, ETA ~675.2 menit)
19:58:06 |   ... 760,000/2,685,814 ter-encode & checkpoint tersimpan (48.4 teks/detik, ETA ~663.0 menit)
20:02:08 |   ... 780,000/2,685,814 ter-encode & checkpoint tersimpan (48.9 teks/detik, ETA ~649.2 menit)
20:06:19 |   ... 800,000/2,685,814 ter-encode & checkpoint tersimpan (49.4 teks/detik, ETA ~636.2 menit)
20:10:38 |   ... 820,000/2,685,814 ter-encode & checkpoint tersimpan (49.8 teks/detik, ETA ~623.9 menit)
20:13:52 |   ... 840,000/2,685,814 ter-encode & checkpoint tersimpan (50.5 teks/detik, ETA ~609.6 menit)
20:17:29 |   ... 860,000/2,685,814 ter-encode & checkpoint tersimpan (51.0 teks/detik, ETA ~596.6 menit)
20:20:48 |   ... 880,000/2,685,814 ter-encode & checkpoint tersimpan (51.6 teks/detik, ETA ~583.5 menit)
20:24:07 |   ... 900,000/2,685,814 ter-encode & checkpoint tersimpan (52.1 teks/detik, ETA ~570.8 menit)
20:27:28 |   ... 920,000/2,685,814 ter-encode & checkpoint tersimpan (52.7 teks/detik, ETA ~558.6 menit)
20:30:45 |   ... 940,000/2,685,814 ter-encode & checkpoint tersimpan (53.2 teks/detik, ETA ~546.6 menit)
20:33:57 |   ... 960,000/2,685,814 ter-encode & checkpoint tersimpan (53.8 teks/detik, ETA ~534.8 menit)
20:37:12 |   ... 980,000/2,685,814 ter-encode & checkpoint tersimpan (54.3 teks/detik, ETA ~523.5 menit)
20:40:32 |   ... 1,000,000/2,685,814 ter-encode & checkpoint tersimpan (54.8 teks/detik, ETA ~512.6 menit)
20:43:47 |   ... 1,020,000/2,685,814 ter-encode & checkpoint tersimpan (55.3 teks/detik, ETA ~501.9 menit)
20:46:58 |   ... 1,040,000/2,685,814 ter-encode & checkpoint tersimpan (55.8 teks/detik, ETA ~491.4 menit)
20:50:11 |   ... 1,060,000/2,685,814 ter-encode & checkpoint tersimpan (56.3 teks/detik, ETA ~481.2 menit)
20:54:19 |   ... 1,080,000/2,685,814 ter-encode & checkpoint tersimpan (56.6 teks/detik, ETA ~472.6 menit)
20:57:54 |   ... 1,100,000/2,685,814 ter-encode & checkpoint tersimpan (57.0 teks/detik, ETA ~463.4 menit)
21:01:31 |   ... 1,120,000/2,685,814 ter-encode & checkpoint tersimpan (57.4 teks/detik, ETA ~454.5 menit)
21:04:43 |   ... 1,140,000/2,685,814 ter-encode & checkpoint tersimpan (57.9 teks/detik, ETA ~445.1 menit)
21:08:04 |   ... 1,160,000/2,685,814 ter-encode & checkpoint tersimpan (58.3 teks/detik, ETA ~436.2 menit)
21:11:17 |   ... 1,180,000/2,685,814 ter-encode & checkpoint tersimpan (58.7 teks/detik, ETA ~427.3 menit)
21:14:28 |   ... 1,200,000/2,685,814 ter-encode & checkpoint tersimpan (59.2 teks/detik, ETA ~418.5 menit)
21:17:46 |   ... 1,220,000/2,685,814 ter-encode & checkpoint tersimpan (59.6 teks/detik, ETA ~410.1 menit)
21:20:55 |   ... 1,240,000/2,685,814 ter-encode & checkpoint tersimpan (60.0 teks/detik, ETA ~401.6 menit)
21:24:00 |   ... 1,260,000/2,685,814 ter-encode & checkpoint tersimpan (60.4 teks/detik, ETA ~393.3 menit)
21:27:10 |   ... 1,280,000/2,685,814 ter-encode & checkpoint tersimpan (60.8 teks/detik, ETA ~385.2 menit)
21:30:13 |   ... 1,300,000/2,685,814 ter-encode & checkpoint tersimpan (61.2 teks/detik, ETA ~377.1 menit)
21:33:54 |   ... 1,320,000/2,685,814 ter-encode & checkpoint tersimpan (61.5 teks/detik, ETA ~369.9 menit)
21:37:09 |   ... 1,340,000/2,685,814 ter-encode & checkpoint tersimpan (61.9 teks/detik, ETA ~362.3 menit)
21:40:35 |   ... 1,360,000/2,685,814 ter-encode & checkpoint tersimpan (62.2 teks/detik, ETA ~355.0 menit)
21:43:55 |   ... 1,380,000/2,685,814 ter-encode & checkpoint tersimpan (62.6 teks/detik, ETA ~347.7 menit)
21:47:16 |   ... 1,400,000/2,685,814 ter-encode & checkpoint tersimpan (62.9 teks/detik, ETA ~340.6 menit)
21:50:36 |   ... 1,420,000/2,685,814 ter-encode & checkpoint tersimpan (63.3 teks/detik, ETA ~333.5 menit)
21:53:40 |   ... 1,440,000/2,685,814 ter-encode & checkpoint tersimpan (63.6 teks/detik, ETA ~326.3 menit)
21:56:41 |   ... 1,460,000/2,685,814 ter-encode & checkpoint tersimpan (64.0 teks/detik, ETA ~319.2 menit)
21:59:48 |   ... 1,480,000/2,685,814 ter-encode & checkpoint tersimpan (64.3 teks/detik, ETA ~312.3 menit)
22:02:51 |   ... 1,500,000/2,685,814 ter-encode & checkpoint tersimpan (64.7 teks/detik, ETA ~305.5 menit)
22:05:57 |   ... 1,520,000/2,685,814 ter-encode & checkpoint tersimpan (65.0 teks/detik, ETA ~298.7 menit)
22:09:10 |   ... 1,540,000/2,685,814 ter-encode & checkpoint tersimpan (65.4 teks/detik, ETA ~292.2 menit)
22:12:16 |   ... 1,560,000/2,685,814 ter-encode & checkpoint tersimpan (65.7 teks/detik, ETA ~285.6 menit)
22:15:33 |   ... 1,580,000/2,685,814 ter-encode & checkpoint tersimpan (66.0 teks/detik, ETA ~279.3 menit)
22:18:53 |   ... 1,600,000/2,685,814 ter-encode & checkpoint tersimpan (66.3 teks/detik, ETA ~273.1 menit)
22:22:22 |   ... 1,620,000/2,685,814 ter-encode & checkpoint tersimpan (66.5 teks/detik, ETA ~267.1 menit)
22:25:34 |   ... 1,640,000/2,685,814 ter-encode & checkpoint tersimpan (66.8 teks/detik, ETA ~260.9 menit)
22:28:46 |   ... 1,660,000/2,685,814 ter-encode & checkpoint tersimpan (67.1 teks/detik, ETA ~254.8 menit)
22:32:06 |   ... 1,680,000/2,685,814 ter-encode & checkpoint tersimpan (67.4 teks/detik, ETA ~248.9 menit)
22:35:47 |   ... 1,700,000/2,685,814 ter-encode & checkpoint tersimpan (67.6 teks/detik, ETA ~243.2 menit)
22:39:17 |   ... 1,720,000/2,685,814 ter-encode & checkpoint tersimpan (67.8 teks/detik, ETA ~237.4 menit)
22:42:41 |   ... 1,740,000/2,685,814 ter-encode & checkpoint tersimpan (68.0 teks/detik, ETA ~231.7 menit)
22:46:02 |   ... 1,760,000/2,685,814 ter-encode & checkpoint tersimpan (68.3 teks/detik, ETA ~226.0 menit)
22:49:19 |   ... 1,780,000/2,685,814 ter-encode & checkpoint tersimpan (68.5 teks/detik, ETA ~220.3 menit)
22:52:38 |   ... 1,800,000/2,685,814 ter-encode & checkpoint tersimpan (68.8 teks/detik, ETA ~214.7 menit)
22:55:59 |   ... 1,820,000/2,685,814 ter-encode & checkpoint tersimpan (69.0 teks/detik, ETA ~209.1 menit)
23:00:02 |   ... 1,840,000/2,685,814 ter-encode & checkpoint tersimpan (69.1 teks/detik, ETA ~203.9 menit)
23:03:45 |   ... 1,860,000/2,685,814 ter-encode & checkpoint tersimpan (69.3 teks/detik, ETA ~198.6 menit)
23:07:48 |   ... 1,880,000/2,685,814 ter-encode & checkpoint tersimpan (69.4 teks/detik, ETA ~193.5 menit)
23:11:48 |   ... 1,900,000/2,685,814 ter-encode & checkpoint tersimpan (69.5 teks/detik, ETA ~188.3 menit)
23:15:23 |   ... 1,920,000/2,685,814 ter-encode & checkpoint tersimpan (69.7 teks/detik, ETA ~183.1 menit)
23:18:45 |   ... 1,940,000/2,685,814 ter-encode & checkpoint tersimpan (69.9 teks/detik, ETA ~177.7 menit)
23:22:09 |   ... 1,960,000/2,685,814 ter-encode & checkpoint tersimpan (70.1 teks/detik, ETA ~172.5 menit)
23:25:25 |   ... 1,980,000/2,685,814 ter-encode & checkpoint tersimpan (70.4 teks/detik, ETA ~167.2 menit)
23:28:56 |   ... 2,000,000/2,685,814 ter-encode & checkpoint tersimpan (70.5 teks/detik, ETA ~162.0 menit)
23:32:22 |   ... 2,020,000/2,685,814 ter-encode & checkpoint tersimpan (70.7 teks/detik, ETA ~156.9 menit)
23:35:37 |   ... 2,040,000/2,685,814 ter-encode & checkpoint tersimpan (71.0 teks/detik, ETA ~151.7 menit)
23:38:53 |   ... 2,060,000/2,685,814 ter-encode & checkpoint tersimpan (71.2 teks/detik, ETA ~146.6 menit)
23:42:08 |   ... 2,080,000/2,685,814 ter-encode & checkpoint tersimpan (71.4 teks/detik, ETA ~141.5 menit)
23:45:25 |   ... 2,100,000/2,685,814 ter-encode & checkpoint tersimpan (71.6 teks/detik, ETA ~136.4 menit)
23:48:39 |   ... 2,120,000/2,685,814 ter-encode & checkpoint tersimpan (71.8 teks/detik, ETA ~131.4 menit)
23:51:52 |   ... 2,140,000/2,685,814 ter-encode & checkpoint tersimpan (72.0 teks/detik, ETA ~126.4 menit)
23:55:06 |   ... 2,160,000/2,685,814 ter-encode & checkpoint tersimpan (72.2 teks/detik, ETA ~121.4 menit)
23:58:21 |   ... 2,180,000/2,685,814 ter-encode & checkpoint tersimpan (72.4 teks/detik, ETA ~116.5 menit)
00:01:38 |   ... 2,200,000/2,685,814 ter-encode & checkpoint tersimpan (72.6 teks/detik, ETA ~111.6 menit)
00:04:50 |   ... 2,220,000/2,685,814 ter-encode & checkpoint tersimpan (72.8 teks/detik, ETA ~106.7 menit)
00:08:04 |   ... 2,240,000/2,685,814 ter-encode & checkpoint tersimpan (73.0 teks/detik, ETA ~101.8 menit)
00:11:16 |   ... 2,260,000/2,685,814 ter-encode & checkpoint tersimpan (73.2 teks/detik, ETA ~97.0 menit)
00:14:10 |   ... 2,280,000/2,685,814 ter-encode & checkpoint tersimpan (73.4 teks/detik, ETA ~92.1 menit)
00:17:05 |   ... 2,300,000/2,685,814 ter-encode & checkpoint tersimpan (73.6 teks/detik, ETA ~87.3 menit)
00:19:56 |   ... 2,320,000/2,685,814 ter-encode & checkpoint tersimpan (73.9 teks/detik, ETA ~82.5 menit)
00:23:12 |   ... 2,340,000/2,685,814 ter-encode & checkpoint tersimpan (74.0 teks/detik, ETA ~77.8 menit)
00:26:02 |   ... 2,360,000/2,685,814 ter-encode & checkpoint tersimpan (74.3 teks/detik, ETA ~73.1 menit)
00:28:53 |   ... 2,380,000/2,685,814 ter-encode & checkpoint tersimpan (74.5 teks/detik, ETA ~68.4 menit)
00:31:40 |   ... 2,400,000/2,685,814 ter-encode & checkpoint tersimpan (74.7 teks/detik, ETA ~63.7 menit)
00:34:29 |   ... 2,420,000/2,685,814 ter-encode & checkpoint tersimpan (75.0 teks/detik, ETA ~59.1 menit)
00:37:18 |   ... 2,440,000/2,685,814 ter-encode & checkpoint tersimpan (75.2 teks/detik, ETA ~54.5 menit)
00:40:07 |   ... 2,460,000/2,685,814 ter-encode & checkpoint tersimpan (75.4 teks/detik, ETA ~49.9 menit)
00:43:42 |   ... 2,480,000/2,685,814 ter-encode & checkpoint tersimpan (75.5 teks/detik, ETA ~45.4 menit)
00:46:58 |   ... 2,500,000/2,685,814 ter-encode & checkpoint tersimpan (75.7 teks/detik, ETA ~40.9 menit)
00:50:08 |   ... 2,520,000/2,685,814 ter-encode & checkpoint tersimpan (75.9 teks/detik, ETA ~36.4 menit)
00:53:19 |   ... 2,540,000/2,685,814 ter-encode & checkpoint tersimpan (76.0 teks/detik, ETA ~32.0 menit)
00:56:29 |   ... 2,560,000/2,685,814 ter-encode & checkpoint tersimpan (76.2 teks/detik, ETA ~27.5 menit)
00:59:41 |   ... 2,580,000/2,685,814 ter-encode & checkpoint tersimpan (76.3 teks/detik, ETA ~23.1 menit)
01:02:51 |   ... 2,600,000/2,685,814 ter-encode & checkpoint tersimpan (76.5 teks/detik, ETA ~18.7 menit)
01:05:58 |   ... 2,620,000/2,685,814 ter-encode & checkpoint tersimpan (76.7 teks/detik, ETA ~14.3 menit)
01:09:05 |   ... 2,640,000/2,685,814 ter-encode & checkpoint tersimpan (76.8 teks/detik, ETA ~9.9 menit)
01:12:16 |   ... 2,660,000/2,685,814 ter-encode & checkpoint tersimpan (77.0 teks/detik, ETA ~5.6 menit)
01:15:28 |   ... 2,680,000/2,685,814 ter-encode & checkpoint tersimpan (77.1 teks/detik, ETA ~1.3 menit)
01:16:23 |   ... 2,685,814/2,685,814 ter-encode & checkpoint tersimpan (77.2 teks/detik, ETA ~0.0 menit)
01:16:24 | Encoding selesai: 2,685,814/2,685,814 Question ter-encode.
01:16:24 | ==============================================================================
01:16:24 | SELESAI dalam 580.0 menit
01:16:24 | ==============================================================================
