14:26:42 | DENSIFIKASI KG -- TAG_COOCCUR (Jaccard similarity)
14:26:42 | Log file: logs/20260830T072642Z_densify_tag_cooccurrence.log
14:26:42 | [config] max_df=200 jaccard_threshold=0.6 top_k=20 trust_weight=0.6
14:26:42 | [config] memory_limit=2GB threads=2 temp_directory=_kg_workspace/_duckdb_tmp workspace_db=_kg_workspace/_workspace_tag_cooccur.duckdb
14:26:42 | ==============================================================================
14:26:42 | STEP 1 - Koneksi Neo4j
14:26:42 | ==============================================================================
14:26:42 | Neo4j URI: bolt://localhost:7687 | User: neo4j | Database: graphrag
14:26:42 | Terhubung ke Neo4j.
14:26:42 | ==============================================================================
14:26:42 | STEP 2 - Tarik edge TAGGED_WITH dari Neo4j
14:26:42 | ==============================================================================
14:26:42 | Edge TAGGED_WITH di Neo4j: 8,525,257 -- menarik semua ke DuckDB...
14:27:05 |   ... 1,000,000 baris ditarik (44,051 baris/detik)
14:27:25 |   ... 2,000,000 baris ditarik (46,649 baris/detik)
14:27:45 |   ... 3,000,000 baris ditarik (48,024 baris/detik)
14:28:04 |   ... 4,000,000 baris ditarik (48,884 baris/detik)
14:28:23 |   ... 5,000,000 baris ditarik (49,511 baris/detik)
14:28:42 |   ... 6,000,000 baris ditarik (49,947 baris/detik)
14:29:02 |   ... 7,000,000 baris ditarik (50,160 baris/detik)
14:29:21 |   ... 8,000,000 baris ditarik (50,483 baris/detik)
14:29:32 | Total TAGGED_WITH ditarik: 8,525,257
14:29:32 | ==============================================================================
14:29:32 | STEP 3 - Hitung tag co-occurrence (DuckDB: tag informatif -> candidate pair -> Jaccard -> top-K)
14:29:32 | ==============================================================================
14:29:33 | [tag-freq] Tag total: 56,435 | Tag informatif (df<=200): 52,402 (92.9%)
14:29:34 | [tag-freq] Question dengan >=1 tag informatif: 865,631
14:29:34 | [safety-check] Estimasi upper-bound directed candidate pair: 82,647,434 (SUM(df*(df-1)) per tag informatif -- overcount kalau ada tag ganda, aman sbg batas atas)
14:29:34 | [candidate-pairs] Menjalankan self-join (bisa lama tergantung ukuran estimasi di atas)...
14:29:41 | [candidate-pairs] Selesai dalam 7.8s -- 81,759,382 pasangan directed (sebelum filter Jaccard)
14:29:46 | [jaccard] Pasangan dengan Jaccard >= 0.6: 35,356,288
14:29:48 | [top-k] Edge TAG_COOCCUR final (cap top-20/node): 11,841,429 dari 749,699 Question sumber unik
14:29:49 | --dry-run aktif: TIDAK menulis ke Neo4j. Selesai.
14:29:49 | Contoh 10 edge teratas by Jaccard:
 question_id  related_question_id  jaccard
    27056879             17409037      1.0
    22447896              1828041      1.0
    22422687             24956534      1.0
    22422687             26641178      1.0
    22422687             27091474      1.0
    22422687             28646983      1.0
    22422687             29728795      1.0
    22422687             29866834      1.0
    22422687             31272192      1.0
    22422687             31961101      1.0
