14:15:14 | DENSIFIKASI KG -- TAG_COOCCUR (Jaccard similarity)
14:15:14 | Log file: logs/20260830T071514Z_densify_tag_cooccurrence.log
14:15:14 | [config] max_df=200 jaccard_threshold=0.5 top_k=20 trust_weight=0.6
14:15:14 | [config] memory_limit=2GB threads=2 temp_directory=_kg_workspace/_duckdb_tmp workspace_db=_kg_workspace/_workspace_tag_cooccur.duckdb
14:15:14 | ==============================================================================
14:15:14 | STEP 1 - Koneksi Neo4j
14:15:14 | ==============================================================================
14:15:14 | Neo4j URI: bolt://localhost:7687 | User: neo4j | Database: graphrag
14:15:15 | Terhubung ke Neo4j.
14:15:15 | ==============================================================================
14:15:15 | STEP 2 - Tarik edge TAGGED_WITH dari Neo4j
14:15:15 | ==============================================================================
14:15:15 | Edge TAGGED_WITH di Neo4j: 8,525,257 -- menarik semua ke DuckDB...
14:15:37 |   ... 1,000,000 baris ditarik (44,856 baris/detik)
14:15:57 |   ... 2,000,000 baris ditarik (47,338 baris/detik)
14:16:16 |   ... 3,000,000 baris ditarik (48,734 baris/detik)
14:16:35 |   ... 4,000,000 baris ditarik (49,524 baris/detik)
14:16:54 |   ... 5,000,000 baris ditarik (50,053 baris/detik)
14:17:13 |   ... 6,000,000 baris ditarik (50,454 baris/detik)
14:17:34 |   ... 7,000,000 baris ditarik (50,262 baris/detik)
14:17:53 |   ... 8,000,000 baris ditarik (50,534 baris/detik)
14:18:05 | Total TAGGED_WITH ditarik: 8,525,257
14:18:05 | ==============================================================================
14:18:05 | STEP 3 - Hitung tag co-occurrence (DuckDB: tag informatif -> candidate pair -> Jaccard -> top-K)
14:18:05 | ==============================================================================
14:18:06 | [tag-freq] Tag total: 56,435 | Tag informatif (df<=200): 52,402 (92.9%)
14:18:06 | [tag-freq] Question dengan >=1 tag informatif: 865,631
14:18:06 | [safety-check] Estimasi upper-bound directed candidate pair: 82,647,434 (SUM(df*(df-1)) per tag informatif -- overcount kalau ada tag ganda, aman sbg batas atas)
14:18:06 | [candidate-pairs] Menjalankan self-join (bisa lama tergantung ukuran estimasi di atas)...
14:18:14 | [candidate-pairs] Selesai dalam 7.9s -- 81,759,382 pasangan directed (sebelum filter Jaccard)
14:18:20 | [jaccard] Pasangan dengan Jaccard >= 0.5: 63,709,710
14:18:26 | [top-k] Edge TAG_COOCCUR final (cap top-20/node): 15,271,473 dari 852,105 Question sumber unik
14:18:27 | --dry-run aktif: TIDAK menulis ke Neo4j. Selesai.
14:18:27 | Contoh 10 edge teratas by Jaccard:
 question_id  related_question_id  jaccard
        4880              1149407      1.0
    59271852             40432718      1.0
    59252838             66416961      1.0
    59252838             66737678      1.0
    59252838             71100060      1.0
    59252838             73016017      1.0
    59252838             73745506      1.0
    59271852             13036748      1.0
    59271852             34048620      1.0
    59271852             35122751      1.0
