06:17:02 | LOAD AUTHOR_TRUST -- tambahan ke KG yang sudah ada (tanpa full rebuild)
06:17:02 | Log file: logs/20260829T231702Z_load_author_trust.log
06:17:02 | ==============================================================================
06:17:02 | STEP 1 - Koneksi Neo4j + ambil Answer.id yang sudah ada
06:17:02 | ==============================================================================
06:17:03 | Neo4j URI: bolt://localhost:7687 | User: neo4j | Database: graphrag
06:17:03 | Terhubung ke Neo4j.
06:17:15 | Answer node di Neo4j saat ini: 725,795
06:17:15 | ==============================================================================
06:17:15 | STEP 2 - Cari OwnerUserId per answer_id dari answers_raw_union.parquet
06:17:15 | ==============================================================================
06:17:16 | Answer dengan OwnerUserId ditemukan: 725,795 / 725,795
06:17:16 | ==============================================================================
06:17:16 | STEP 3 - Load reputation (users.parquet -> fallback FilteredUsers.csv)
06:17:16 | ==============================================================================
06:17:16 | Sumber reputation: ../00_datasource/merged/users.parquet (dump penuh)
06:17:16 | User dengan reputation ditemukan: 293,078 / 294,412 unik dibutuhkan
06:17:16 | ==============================================================================
06:17:16 | STEP 4 - Hitung bobot AUTHOR_TRUST -- normalize(log(reputation)), clip P99
06:17:16 | ==============================================================================
06:17:16 | P99 reputation (basis normalisasi): 54,383
06:17:16 | Edge AUTHOR_TRUST siap ditulis: 715,604
06:17:16 | ==============================================================================
06:17:16 | STEP 5 - Tulis User node
06:17:16 | ==============================================================================
06:17:16 |   [User] 2,000/293,078 baris tertulis (6,206 baris/detik, ETA ~0.8 menit)
06:17:16 |   [User] 4,000/293,078 baris tertulis (10,540 baris/detik, ETA ~0.5 menit)
06:17:16 |   [User] 6,000/293,078 baris tertulis (12,922 baris/detik, ETA ~0.4 menit)
06:17:17 |   [User] 8,000/293,078 baris tertulis (15,311 baris/detik, ETA ~0.3 menit)
06:17:17 |   [User] 10,000/293,078 baris tertulis (17,654 baris/detik, ETA ~0.3 menit)
06:17:17 |   [User] 12,000/293,078 baris tertulis (19,566 baris/detik, ETA ~0.2 menit)
06:17:17 |   [User] 14,000/293,078 baris tertulis (21,326 baris/detik, ETA ~0.2 menit)
06:17:17 |   [User] 16,000/293,078 baris tertulis (22,696 baris/detik, ETA ~0.2 menit)
06:17:17 |   [User] 18,000/293,078 baris tertulis (24,077 baris/detik, ETA ~0.2 menit)
06:17:17 |   [User] 20,000/293,078 baris tertulis (25,260 baris/detik, ETA ~0.2 menit)
06:17:17 |   [User] 22,000/293,078 baris tertulis (25,916 baris/detik, ETA ~0.2 menit)
06:17:17 |   [User] 24,000/293,078 baris tertulis (26,891 baris/detik, ETA ~0.2 menit)
06:17:17 |   [User] 26,000/293,078 baris tertulis (28,095 baris/detik, ETA ~0.2 menit)
06:17:17 |   [User] 28,000/293,078 baris tertulis (29,122 baris/detik, ETA ~0.2 menit)
06:17:17 |   [User] 30,000/293,078 baris tertulis (30,116 baris/detik, ETA ~0.1 menit)
06:17:17 |   [User] 32,000/293,078 baris tertulis (30,655 baris/detik, ETA ~0.1 menit)
06:17:17 |   [User] 34,000/293,078 baris tertulis (31,525 baris/detik, ETA ~0.1 menit)
06:17:17 |   [User] 36,000/293,078 baris tertulis (32,441 baris/detik, ETA ~0.1 menit)
06:17:17 |   [User] 38,000/293,078 baris tertulis (33,263 baris/detik, ETA ~0.1 menit)
06:17:17 |   [User] 40,000/293,078 baris tertulis (34,058 baris/detik, ETA ~0.1 menit)
06:17:17 |   [User] 42,000/293,078 baris tertulis (34,706 baris/detik, ETA ~0.1 menit)
06:17:17 |   [User] 44,000/293,078 baris tertulis (35,438 baris/detik, ETA ~0.1 menit)
06:17:17 |   [User] 46,000/293,078 baris tertulis (36,099 baris/detik, ETA ~0.1 menit)
06:17:17 |   [User] 48,000/293,078 baris tertulis (36,718 baris/detik, ETA ~0.1 menit)
06:17:17 |   [User] 50,000/293,078 baris tertulis (37,231 baris/detik, ETA ~0.1 menit)
06:17:17 |   [User] 52,000/293,078 baris tertulis (37,782 baris/detik, ETA ~0.1 menit)
06:17:17 |   [User] 54,000/293,078 baris tertulis (38,362 baris/detik, ETA ~0.1 menit)
06:17:17 |   [User] 56,000/293,078 baris tertulis (38,790 baris/detik, ETA ~0.1 menit)
06:17:18 |   [User] 58,000/293,078 baris tertulis (37,652 baris/detik, ETA ~0.1 menit)
06:17:18 |   [User] 60,000/293,078 baris tertulis (38,166 baris/detik, ETA ~0.1 menit)
06:17:18 |   [User] 62,000/293,078 baris tertulis (38,587 baris/detik, ETA ~0.1 menit)
06:17:18 |   [User] 64,000/293,078 baris tertulis (39,083 baris/detik, ETA ~0.1 menit)
06:17:18 |   [User] 66,000/293,078 baris tertulis (39,557 baris/detik, ETA ~0.1 menit)
06:17:18 |   [User] 68,000/293,078 baris tertulis (39,969 baris/detik, ETA ~0.1 menit)
06:17:18 |   [User] 70,000/293,078 baris tertulis (40,336 baris/detik, ETA ~0.1 menit)
06:17:18 |   [User] 72,000/293,078 baris tertulis (40,704 baris/detik, ETA ~0.1 menit)
06:17:18 |   [User] 74,000/293,078 baris tertulis (41,064 baris/detik, ETA ~0.1 menit)
06:17:18 |   [User] 76,000/293,078 baris tertulis (41,347 baris/detik, ETA ~0.1 menit)
06:17:18 |   [User] 78,000/293,078 baris tertulis (41,643 baris/detik, ETA ~0.1 menit)
06:17:18 |   [User] 80,000/293,078 baris tertulis (41,852 baris/detik, ETA ~0.1 menit)
06:17:18 |   [User] 82,000/293,078 baris tertulis (42,158 baris/detik, ETA ~0.1 menit)
06:17:18 |   [User] 84,000/293,078 baris tertulis (42,410 baris/detik, ETA ~0.1 menit)
06:17:18 |   [User] 86,000/293,078 baris tertulis (42,626 baris/detik, ETA ~0.1 menit)
06:17:18 |   [User] 88,000/293,078 baris tertulis (42,926 baris/detik, ETA ~0.1 menit)
06:17:18 |   [User] 90,000/293,078 baris tertulis (43,227 baris/detik, ETA ~0.1 menit)
06:17:18 |   [User] 92,000/293,078 baris tertulis (43,510 baris/detik, ETA ~0.1 menit)
06:17:18 |   [User] 94,000/293,078 baris tertulis (43,815 baris/detik, ETA ~0.1 menit)
06:17:18 |   [User] 96,000/293,078 baris tertulis (44,111 baris/detik, ETA ~0.1 menit)
06:17:18 |   [User] 98,000/293,078 baris tertulis (44,315 baris/detik, ETA ~0.1 menit)
06:17:18 |   [User] 100,000/293,078 baris tertulis (44,561 baris/detik, ETA ~0.1 menit)
06:17:18 |   [User] 102,000/293,078 baris tertulis (44,766 baris/detik, ETA ~0.1 menit)
06:17:18 |   [User] 104,000/293,078 baris tertulis (44,396 baris/detik, ETA ~0.1 menit)
06:17:18 |   [User] 106,000/293,078 baris tertulis (44,568 baris/detik, ETA ~0.1 menit)
06:17:18 |   [User] 108,000/293,078 baris tertulis (44,723 baris/detik, ETA ~0.1 menit)
06:17:18 |   [User] 110,000/293,078 baris tertulis (44,843 baris/detik, ETA ~0.1 menit)
06:17:19 |   [User] 112,000/293,078 baris tertulis (41,045 baris/detik, ETA ~0.1 menit)
06:17:19 |   [User] 114,000/293,078 baris tertulis (41,119 baris/detik, ETA ~0.1 menit)
06:17:19 |   [User] 116,000/293,078 baris tertulis (41,263 baris/detik, ETA ~0.1 menit)
06:17:19 |   [User] 118,000/293,078 baris tertulis (41,470 baris/detik, ETA ~0.1 menit)
06:17:19 |   [User] 120,000/293,078 baris tertulis (41,673 baris/detik, ETA ~0.1 menit)
06:17:19 |   [User] 122,000/293,078 baris tertulis (41,812 baris/detik, ETA ~0.1 menit)
06:17:19 |   [User] 124,000/293,078 baris tertulis (41,982 baris/detik, ETA ~0.1 menit)
06:17:19 |   [User] 126,000/293,078 baris tertulis (42,133 baris/detik, ETA ~0.1 menit)
06:17:19 |   [User] 128,000/293,078 baris tertulis (42,174 baris/detik, ETA ~0.1 menit)
06:17:19 |   [User] 130,000/293,078 baris tertulis (42,108 baris/detik, ETA ~0.1 menit)
06:17:19 |   [User] 132,000/293,078 baris tertulis (41,995 baris/detik, ETA ~0.1 menit)
06:17:19 |   [User] 134,000/293,078 baris tertulis (41,995 baris/detik, ETA ~0.1 menit)
06:17:19 |   [User] 136,000/293,078 baris tertulis (41,991 baris/detik, ETA ~0.1 menit)
06:17:19 |   [User] 138,000/293,078 baris tertulis (42,096 baris/detik, ETA ~0.1 menit)
06:17:19 |   [User] 140,000/293,078 baris tertulis (42,146 baris/detik, ETA ~0.1 menit)
06:17:19 |   [User] 142,000/293,078 baris tertulis (42,243 baris/detik, ETA ~0.1 menit)
06:17:19 |   [User] 144,000/293,078 baris tertulis (42,365 baris/detik, ETA ~0.1 menit)
06:17:19 |   [User] 146,000/293,078 baris tertulis (42,465 baris/detik, ETA ~0.1 menit)
06:17:19 |   [User] 148,000/293,078 baris tertulis (42,587 baris/detik, ETA ~0.1 menit)
06:17:20 |   [User] 150,000/293,078 baris tertulis (42,697 baris/detik, ETA ~0.1 menit)
06:17:20 |   [User] 152,000/293,078 baris tertulis (42,771 baris/detik, ETA ~0.1 menit)
06:17:20 |   [User] 154,000/293,078 baris tertulis (42,886 baris/detik, ETA ~0.1 menit)
06:17:20 |   [User] 156,000/293,078 baris tertulis (43,010 baris/detik, ETA ~0.1 menit)
06:17:20 |   [User] 158,000/293,078 baris tertulis (43,110 baris/detik, ETA ~0.1 menit)
06:17:20 |   [User] 160,000/293,078 baris tertulis (43,229 baris/detik, ETA ~0.1 menit)
06:17:20 |   [User] 162,000/293,078 baris tertulis (43,348 baris/detik, ETA ~0.1 menit)
06:17:20 |   [User] 164,000/293,078 baris tertulis (43,483 baris/detik, ETA ~0.0 menit)
06:17:20 |   [User] 166,000/293,078 baris tertulis (43,630 baris/detik, ETA ~0.0 menit)
06:17:20 |   [User] 168,000/293,078 baris tertulis (43,744 baris/detik, ETA ~0.0 menit)
06:17:20 |   [User] 170,000/293,078 baris tertulis (43,873 baris/detik, ETA ~0.0 menit)
06:17:20 |   [User] 172,000/293,078 baris tertulis (44,003 baris/detik, ETA ~0.0 menit)
06:17:20 |   [User] 174,000/293,078 baris tertulis (44,144 baris/detik, ETA ~0.0 menit)
06:17:20 |   [User] 176,000/293,078 baris tertulis (44,167 baris/detik, ETA ~0.0 menit)
06:17:20 |   [User] 178,000/293,078 baris tertulis (44,086 baris/detik, ETA ~0.0 menit)
06:17:20 |   [User] 180,000/293,078 baris tertulis (44,193 baris/detik, ETA ~0.0 menit)
06:17:20 |   [User] 182,000/293,078 baris tertulis (44,301 baris/detik, ETA ~0.0 menit)
06:17:20 |   [User] 184,000/293,078 baris tertulis (44,408 baris/detik, ETA ~0.0 menit)
06:17:20 |   [User] 186,000/293,078 baris tertulis (44,538 baris/detik, ETA ~0.0 menit)
06:17:20 |   [User] 188,000/293,078 baris tertulis (44,620 baris/detik, ETA ~0.0 menit)
06:17:20 |   [User] 190,000/293,078 baris tertulis (44,717 baris/detik, ETA ~0.0 menit)
06:17:20 |   [User] 192,000/293,078 baris tertulis (44,805 baris/detik, ETA ~0.0 menit)
06:17:20 |   [User] 194,000/293,078 baris tertulis (44,918 baris/detik, ETA ~0.0 menit)
06:17:20 |   [User] 196,000/293,078 baris tertulis (45,004 baris/detik, ETA ~0.0 menit)
06:17:20 |   [User] 198,000/293,078 baris tertulis (45,088 baris/detik, ETA ~0.0 menit)
06:17:20 |   [User] 200,000/293,078 baris tertulis (45,149 baris/detik, ETA ~0.0 menit)
06:17:20 |   [User] 202,000/293,078 baris tertulis (45,206 baris/detik, ETA ~0.0 menit)
06:17:20 |   [User] 204,000/293,078 baris tertulis (45,295 baris/detik, ETA ~0.0 menit)
06:17:21 |   [User] 206,000/293,078 baris tertulis (45,373 baris/detik, ETA ~0.0 menit)
06:17:21 |   [User] 208,000/293,078 baris tertulis (45,447 baris/detik, ETA ~0.0 menit)
06:17:21 |   [User] 210,000/293,078 baris tertulis (45,505 baris/detik, ETA ~0.0 menit)
06:17:21 |   [User] 212,000/293,078 baris tertulis (45,589 baris/detik, ETA ~0.0 menit)
06:17:21 |   [User] 214,000/293,078 baris tertulis (45,673 baris/detik, ETA ~0.0 menit)
06:17:21 |   [User] 216,000/293,078 baris tertulis (45,751 baris/detik, ETA ~0.0 menit)
06:17:21 |   [User] 218,000/293,078 baris tertulis (45,841 baris/detik, ETA ~0.0 menit)
06:17:21 |   [User] 220,000/293,078 baris tertulis (45,925 baris/detik, ETA ~0.0 menit)
06:17:21 |   [User] 222,000/293,078 baris tertulis (46,010 baris/detik, ETA ~0.0 menit)
06:17:21 |   [User] 224,000/293,078 baris tertulis (46,065 baris/detik, ETA ~0.0 menit)
06:17:21 |   [User] 226,000/293,078 baris tertulis (46,141 baris/detik, ETA ~0.0 menit)
06:17:21 |   [User] 228,000/293,078 baris tertulis (46,218 baris/detik, ETA ~0.0 menit)
06:17:21 |   [User] 230,000/293,078 baris tertulis (46,282 baris/detik, ETA ~0.0 menit)
06:17:21 |   [User] 232,000/293,078 baris tertulis (46,348 baris/detik, ETA ~0.0 menit)
06:17:21 |   [User] 234,000/293,078 baris tertulis (46,258 baris/detik, ETA ~0.0 menit)
06:17:21 |   [User] 236,000/293,078 baris tertulis (46,323 baris/detik, ETA ~0.0 menit)
06:17:21 |   [User] 238,000/293,078 baris tertulis (46,393 baris/detik, ETA ~0.0 menit)
06:17:21 |   [User] 240,000/293,078 baris tertulis (46,459 baris/detik, ETA ~0.0 menit)
06:17:21 |   [User] 242,000/293,078 baris tertulis (46,541 baris/detik, ETA ~0.0 menit)
06:17:21 |   [User] 244,000/293,078 baris tertulis (46,597 baris/detik, ETA ~0.0 menit)
06:17:21 |   [User] 246,000/293,078 baris tertulis (46,683 baris/detik, ETA ~0.0 menit)
06:17:21 |   [User] 248,000/293,078 baris tertulis (46,685 baris/detik, ETA ~0.0 menit)
06:17:21 |   [User] 250,000/293,078 baris tertulis (46,635 baris/detik, ETA ~0.0 menit)
06:17:21 |   [User] 252,000/293,078 baris tertulis (46,721 baris/detik, ETA ~0.0 menit)
06:17:21 |   [User] 254,000/293,078 baris tertulis (46,844 baris/detik, ETA ~0.0 menit)
06:17:21 |   [User] 256,000/293,078 baris tertulis (46,939 baris/detik, ETA ~0.0 menit)
06:17:21 |   [User] 258,000/293,078 baris tertulis (47,027 baris/detik, ETA ~0.0 menit)
06:17:22 |   [User] 260,000/293,078 baris tertulis (47,116 baris/detik, ETA ~0.0 menit)
06:17:22 |   [User] 262,000/293,078 baris tertulis (47,199 baris/detik, ETA ~0.0 menit)
06:17:22 |   [User] 264,000/293,078 baris tertulis (47,285 baris/detik, ETA ~0.0 menit)
06:17:22 |   [User] 266,000/293,078 baris tertulis (47,354 baris/detik, ETA ~0.0 menit)
06:17:22 |   [User] 268,000/293,078 baris tertulis (47,431 baris/detik, ETA ~0.0 menit)
06:17:22 |   [User] 270,000/293,078 baris tertulis (47,491 baris/detik, ETA ~0.0 menit)
06:17:22 |   [User] 272,000/293,078 baris tertulis (47,516 baris/detik, ETA ~0.0 menit)
06:17:22 |   [User] 274,000/293,078 baris tertulis (47,593 baris/detik, ETA ~0.0 menit)
06:17:22 |   [User] 276,000/293,078 baris tertulis (47,684 baris/detik, ETA ~0.0 menit)
06:17:22 |   [User] 278,000/293,078 baris tertulis (47,656 baris/detik, ETA ~0.0 menit)
06:17:22 |   [User] 280,000/293,078 baris tertulis (47,712 baris/detik, ETA ~0.0 menit)
06:17:22 |   [User] 282,000/293,078 baris tertulis (47,744 baris/detik, ETA ~0.0 menit)
06:17:22 |   [User] 284,000/293,078 baris tertulis (47,822 baris/detik, ETA ~0.0 menit)
06:17:22 |   [User] 286,000/293,078 baris tertulis (47,885 baris/detik, ETA ~0.0 menit)
06:17:22 |   [User] 288,000/293,078 baris tertulis (47,955 baris/detik, ETA ~0.0 menit)
06:17:22 |   [User] 290,000/293,078 baris tertulis (48,026 baris/detik, ETA ~0.0 menit)
06:17:22 |   [User] 292,000/293,078 baris tertulis (48,081 baris/detik, ETA ~0.0 menit)
06:17:22 |   [User] 293,078/293,078 baris tertulis (48,082 baris/detik, ETA ~0.0 menit)
06:17:22 | ==============================================================================
06:17:22 | STEP 6 - Tulis edge AUTHOR_TRUST
06:17:22 | ==============================================================================
06:17:22 |   [AUTHOR_TRUST] 6,000/715,604 baris tertulis (17,862 baris/detik, ETA ~0.7 menit)
06:17:23 |   [AUTHOR_TRUST] 12,000/715,604 baris tertulis (20,325 baris/detik, ETA ~0.6 menit)
06:17:23 |   [AUTHOR_TRUST] 18,000/715,604 baris tertulis (21,300 baris/detik, ETA ~0.5 menit)
06:17:23 |   [AUTHOR_TRUST] 24,000/715,604 baris tertulis (20,929 baris/detik, ETA ~0.6 menit)
06:17:23 |   [AUTHOR_TRUST] 30,000/715,604 baris tertulis (21,387 baris/detik, ETA ~0.5 menit)
06:17:24 |   [AUTHOR_TRUST] 36,000/715,604 baris tertulis (21,578 baris/detik, ETA ~0.5 menit)
06:17:24 |   [AUTHOR_TRUST] 42,000/715,604 baris tertulis (21,667 baris/detik, ETA ~0.5 menit)
06:17:24 |   [AUTHOR_TRUST] 48,000/715,604 baris tertulis (22,209 baris/detik, ETA ~0.5 menit)
06:17:25 |   [AUTHOR_TRUST] 54,000/715,604 baris tertulis (22,158 baris/detik, ETA ~0.5 menit)
06:17:25 |   [AUTHOR_TRUST] 60,000/715,604 baris tertulis (22,736 baris/detik, ETA ~0.5 menit)
06:17:25 |   [AUTHOR_TRUST] 66,000/715,604 baris tertulis (23,304 baris/detik, ETA ~0.5 menit)
06:17:25 |   [AUTHOR_TRUST] 72,000/715,604 baris tertulis (23,651 baris/detik, ETA ~0.5 menit)
06:17:25 |   [AUTHOR_TRUST] 78,000/715,604 baris tertulis (24,213 baris/detik, ETA ~0.4 menit)
06:17:26 |   [AUTHOR_TRUST] 84,000/715,604 baris tertulis (24,594 baris/detik, ETA ~0.4 menit)
06:17:26 |   [AUTHOR_TRUST] 90,000/715,604 baris tertulis (24,998 baris/detik, ETA ~0.4 menit)
06:17:26 |   [AUTHOR_TRUST] 96,000/715,604 baris tertulis (25,417 baris/detik, ETA ~0.4 menit)
06:17:26 |   [AUTHOR_TRUST] 102,000/715,604 baris tertulis (25,892 baris/detik, ETA ~0.4 menit)
06:17:26 |   [AUTHOR_TRUST] 108,000/715,604 baris tertulis (26,353 baris/detik, ETA ~0.4 menit)
06:17:26 |   [AUTHOR_TRUST] 114,000/715,604 baris tertulis (26,675 baris/detik, ETA ~0.4 menit)
06:17:27 |   [AUTHOR_TRUST] 120,000/715,604 baris tertulis (26,891 baris/detik, ETA ~0.4 menit)
06:17:27 |   [AUTHOR_TRUST] 126,000/715,604 baris tertulis (27,259 baris/detik, ETA ~0.4 menit)
06:17:27 |   [AUTHOR_TRUST] 132,000/715,604 baris tertulis (27,616 baris/detik, ETA ~0.4 menit)
06:17:27 |   [AUTHOR_TRUST] 138,000/715,604 baris tertulis (27,970 baris/detik, ETA ~0.3 menit)
06:17:27 |   [AUTHOR_TRUST] 144,000/715,604 baris tertulis (28,278 baris/detik, ETA ~0.3 menit)
06:17:27 |   [AUTHOR_TRUST] 150,000/715,604 baris tertulis (28,592 baris/detik, ETA ~0.3 menit)
06:17:28 |   [AUTHOR_TRUST] 156,000/715,604 baris tertulis (28,811 baris/detik, ETA ~0.3 menit)
06:17:28 |   [AUTHOR_TRUST] 162,000/715,604 baris tertulis (29,121 baris/detik, ETA ~0.3 menit)
06:17:28 |   [AUTHOR_TRUST] 168,000/715,604 baris tertulis (29,427 baris/detik, ETA ~0.3 menit)
06:17:28 |   [AUTHOR_TRUST] 174,000/715,604 baris tertulis (29,701 baris/detik, ETA ~0.3 menit)
06:17:28 |   [AUTHOR_TRUST] 180,000/715,604 baris tertulis (29,786 baris/detik, ETA ~0.3 menit)
06:17:28 |   [AUTHOR_TRUST] 186,000/715,604 baris tertulis (29,995 baris/detik, ETA ~0.3 menit)
06:17:28 |   [AUTHOR_TRUST] 192,000/715,604 baris tertulis (30,120 baris/detik, ETA ~0.3 menit)
06:17:29 |   [AUTHOR_TRUST] 198,000/715,604 baris tertulis (30,335 baris/detik, ETA ~0.3 menit)
06:17:29 |   [AUTHOR_TRUST] 204,000/715,604 baris tertulis (30,558 baris/detik, ETA ~0.3 menit)
06:17:29 |   [AUTHOR_TRUST] 210,000/715,604 baris tertulis (30,778 baris/detik, ETA ~0.3 menit)
06:17:29 |   [AUTHOR_TRUST] 216,000/715,604 baris tertulis (30,969 baris/detik, ETA ~0.3 menit)
06:17:29 |   [AUTHOR_TRUST] 222,000/715,604 baris tertulis (31,174 baris/detik, ETA ~0.3 menit)
06:17:29 |   [AUTHOR_TRUST] 228,000/715,604 baris tertulis (31,371 baris/detik, ETA ~0.3 menit)
06:17:30 |   [AUTHOR_TRUST] 234,000/715,604 baris tertulis (31,526 baris/detik, ETA ~0.3 menit)
06:17:30 |   [AUTHOR_TRUST] 240,000/715,604 baris tertulis (31,673 baris/detik, ETA ~0.3 menit)
06:17:30 |   [AUTHOR_TRUST] 246,000/715,604 baris tertulis (31,793 baris/detik, ETA ~0.2 menit)
06:17:30 |   [AUTHOR_TRUST] 252,000/715,604 baris tertulis (31,927 baris/detik, ETA ~0.2 menit)
06:17:30 |   [AUTHOR_TRUST] 258,000/715,604 baris tertulis (32,020 baris/detik, ETA ~0.2 menit)
06:17:30 |   [AUTHOR_TRUST] 264,000/715,604 baris tertulis (32,124 baris/detik, ETA ~0.2 menit)
06:17:30 |   [AUTHOR_TRUST] 270,000/715,604 baris tertulis (32,249 baris/detik, ETA ~0.2 menit)
06:17:31 |   [AUTHOR_TRUST] 276,000/715,604 baris tertulis (32,385 baris/detik, ETA ~0.2 menit)
06:17:31 |   [AUTHOR_TRUST] 282,000/715,604 baris tertulis (32,504 baris/detik, ETA ~0.2 menit)
06:17:31 |   [AUTHOR_TRUST] 288,000/715,604 baris tertulis (32,623 baris/detik, ETA ~0.2 menit)
06:17:31 |   [AUTHOR_TRUST] 294,000/715,604 baris tertulis (32,744 baris/detik, ETA ~0.2 menit)
06:17:31 |   [AUTHOR_TRUST] 300,000/715,604 baris tertulis (32,843 baris/detik, ETA ~0.2 menit)
06:17:31 |   [AUTHOR_TRUST] 306,000/715,604 baris tertulis (32,918 baris/detik, ETA ~0.2 menit)
06:17:32 |   [AUTHOR_TRUST] 312,000/715,604 baris tertulis (33,068 baris/detik, ETA ~0.2 menit)
06:17:32 |   [AUTHOR_TRUST] 318,000/715,604 baris tertulis (33,123 baris/detik, ETA ~0.2 menit)
06:17:32 |   [AUTHOR_TRUST] 324,000/715,604 baris tertulis (33,216 baris/detik, ETA ~0.2 menit)
06:17:32 |   [AUTHOR_TRUST] 330,000/715,604 baris tertulis (33,316 baris/detik, ETA ~0.2 menit)
06:17:32 |   [AUTHOR_TRUST] 336,000/715,604 baris tertulis (33,323 baris/detik, ETA ~0.2 menit)
06:17:33 |   [AUTHOR_TRUST] 342,000/715,604 baris tertulis (32,287 baris/detik, ETA ~0.2 menit)
06:17:33 |   [AUTHOR_TRUST] 348,000/715,604 baris tertulis (32,012 baris/detik, ETA ~0.2 menit)
06:17:33 |   [AUTHOR_TRUST] 354,000/715,604 baris tertulis (31,735 baris/detik, ETA ~0.2 menit)
06:17:34 |   [AUTHOR_TRUST] 360,000/715,604 baris tertulis (31,240 baris/detik, ETA ~0.2 menit)
06:17:34 |   [AUTHOR_TRUST] 366,000/715,604 baris tertulis (30,829 baris/detik, ETA ~0.2 menit)
06:17:34 |   [AUTHOR_TRUST] 372,000/715,604 baris tertulis (30,495 baris/detik, ETA ~0.2 menit)
06:17:35 |   [AUTHOR_TRUST] 378,000/715,604 baris tertulis (30,232 baris/detik, ETA ~0.2 menit)
06:17:35 |   [AUTHOR_TRUST] 384,000/715,604 baris tertulis (30,009 baris/detik, ETA ~0.2 menit)
06:17:35 |   [AUTHOR_TRUST] 390,000/715,604 baris tertulis (29,781 baris/detik, ETA ~0.2 menit)
06:17:36 |   [AUTHOR_TRUST] 396,000/715,604 baris tertulis (29,487 baris/detik, ETA ~0.2 menit)
06:17:36 |   [AUTHOR_TRUST] 402,000/715,604 baris tertulis (29,287 baris/detik, ETA ~0.2 menit)
06:17:36 |   [AUTHOR_TRUST] 408,000/715,604 baris tertulis (29,020 baris/detik, ETA ~0.2 menit)
06:17:36 |   [AUTHOR_TRUST] 414,000/715,604 baris tertulis (28,849 baris/detik, ETA ~0.2 menit)
06:17:37 |   [AUTHOR_TRUST] 420,000/715,604 baris tertulis (28,723 baris/detik, ETA ~0.2 menit)
06:17:37 |   [AUTHOR_TRUST] 426,000/715,604 baris tertulis (28,555 baris/detik, ETA ~0.2 menit)
06:17:37 |   [AUTHOR_TRUST] 432,000/715,604 baris tertulis (28,375 baris/detik, ETA ~0.2 menit)
06:17:38 |   [AUTHOR_TRUST] 438,000/715,604 baris tertulis (28,205 baris/detik, ETA ~0.2 menit)
06:17:38 |   [AUTHOR_TRUST] 444,000/715,604 baris tertulis (28,003 baris/detik, ETA ~0.2 menit)
06:17:38 |   [AUTHOR_TRUST] 450,000/715,604 baris tertulis (27,817 baris/detik, ETA ~0.2 menit)
06:17:39 |   [AUTHOR_TRUST] 456,000/715,604 baris tertulis (27,644 baris/detik, ETA ~0.2 menit)
06:17:39 |   [AUTHOR_TRUST] 462,000/715,604 baris tertulis (27,536 baris/detik, ETA ~0.2 menit)
06:17:39 |   [AUTHOR_TRUST] 468,000/715,604 baris tertulis (27,372 baris/detik, ETA ~0.2 menit)
06:17:39 |   [AUTHOR_TRUST] 474,000/715,604 baris tertulis (27,230 baris/detik, ETA ~0.1 menit)
06:17:40 |   [AUTHOR_TRUST] 480,000/715,604 baris tertulis (27,107 baris/detik, ETA ~0.1 menit)
06:17:40 |   [AUTHOR_TRUST] 486,000/715,604 baris tertulis (26,960 baris/detik, ETA ~0.1 menit)
06:17:40 |   [AUTHOR_TRUST] 492,000/715,604 baris tertulis (26,755 baris/detik, ETA ~0.1 menit)
06:17:41 |   [AUTHOR_TRUST] 498,000/715,604 baris tertulis (26,567 baris/detik, ETA ~0.1 menit)
06:17:41 |   [AUTHOR_TRUST] 504,000/715,604 baris tertulis (26,414 baris/detik, ETA ~0.1 menit)
06:17:42 |   [AUTHOR_TRUST] 510,000/715,604 baris tertulis (26,249 baris/detik, ETA ~0.1 menit)
06:17:42 |   [AUTHOR_TRUST] 516,000/715,604 baris tertulis (26,157 baris/detik, ETA ~0.1 menit)
06:17:42 |   [AUTHOR_TRUST] 522,000/715,604 baris tertulis (26,068 baris/detik, ETA ~0.1 menit)
06:17:42 |   [AUTHOR_TRUST] 528,000/715,604 baris tertulis (25,961 baris/detik, ETA ~0.1 menit)
06:17:43 |   [AUTHOR_TRUST] 534,000/715,604 baris tertulis (25,851 baris/detik, ETA ~0.1 menit)
06:17:43 |   [AUTHOR_TRUST] 540,000/715,604 baris tertulis (25,740 baris/detik, ETA ~0.1 menit)
06:17:43 |   [AUTHOR_TRUST] 546,000/715,604 baris tertulis (25,625 baris/detik, ETA ~0.1 menit)
06:17:44 |   [AUTHOR_TRUST] 552,000/715,604 baris tertulis (25,545 baris/detik, ETA ~0.1 menit)
06:17:44 |   [AUTHOR_TRUST] 558,000/715,604 baris tertulis (25,487 baris/detik, ETA ~0.1 menit)
06:17:44 |   [AUTHOR_TRUST] 564,000/715,604 baris tertulis (25,423 baris/detik, ETA ~0.1 menit)
06:17:45 |   [AUTHOR_TRUST] 570,000/715,604 baris tertulis (25,315 baris/detik, ETA ~0.1 menit)
06:17:45 |   [AUTHOR_TRUST] 576,000/715,604 baris tertulis (25,240 baris/detik, ETA ~0.1 menit)
06:17:45 |   [AUTHOR_TRUST] 582,000/715,604 baris tertulis (25,180 baris/detik, ETA ~0.1 menit)
06:17:46 |   [AUTHOR_TRUST] 588,000/715,604 baris tertulis (25,117 baris/detik, ETA ~0.1 menit)
06:17:46 |   [AUTHOR_TRUST] 594,000/715,604 baris tertulis (25,067 baris/detik, ETA ~0.1 menit)
06:17:46 |   [AUTHOR_TRUST] 600,000/715,604 baris tertulis (25,021 baris/detik, ETA ~0.1 menit)
06:17:46 |   [AUTHOR_TRUST] 606,000/715,604 baris tertulis (24,978 baris/detik, ETA ~0.1 menit)
06:17:47 |   [AUTHOR_TRUST] 612,000/715,604 baris tertulis (24,957 baris/detik, ETA ~0.1 menit)
06:17:47 |   [AUTHOR_TRUST] 618,000/715,604 baris tertulis (24,921 baris/detik, ETA ~0.1 menit)
06:17:47 |   [AUTHOR_TRUST] 624,000/715,604 baris tertulis (24,869 baris/detik, ETA ~0.1 menit)
06:17:47 |   [AUTHOR_TRUST] 630,000/715,604 baris tertulis (24,822 baris/detik, ETA ~0.1 menit)
06:17:48 |   [AUTHOR_TRUST] 636,000/715,604 baris tertulis (24,792 baris/detik, ETA ~0.1 menit)
06:17:48 |   [AUTHOR_TRUST] 642,000/715,604 baris tertulis (24,758 baris/detik, ETA ~0.0 menit)
06:17:48 |   [AUTHOR_TRUST] 648,000/715,604 baris tertulis (24,725 baris/detik, ETA ~0.0 menit)
06:17:49 |   [AUTHOR_TRUST] 654,000/715,604 baris tertulis (24,689 baris/detik, ETA ~0.0 menit)
06:17:49 |   [AUTHOR_TRUST] 660,000/715,604 baris tertulis (24,627 baris/detik, ETA ~0.0 menit)
06:17:49 |   [AUTHOR_TRUST] 666,000/715,604 baris tertulis (24,600 baris/detik, ETA ~0.0 menit)
06:17:49 |   [AUTHOR_TRUST] 672,000/715,604 baris tertulis (24,572 baris/detik, ETA ~0.0 menit)
06:17:50 |   [AUTHOR_TRUST] 678,000/715,604 baris tertulis (24,537 baris/detik, ETA ~0.0 menit)
06:17:50 |   [AUTHOR_TRUST] 684,000/715,604 baris tertulis (24,513 baris/detik, ETA ~0.0 menit)
06:17:50 |   [AUTHOR_TRUST] 690,000/715,604 baris tertulis (24,489 baris/detik, ETA ~0.0 menit)
06:17:51 |   [AUTHOR_TRUST] 696,000/715,604 baris tertulis (24,459 baris/detik, ETA ~0.0 menit)
06:17:51 |   [AUTHOR_TRUST] 702,000/715,604 baris tertulis (24,430 baris/detik, ETA ~0.0 menit)
06:17:51 |   [AUTHOR_TRUST] 708,000/715,604 baris tertulis (24,410 baris/detik, ETA ~0.0 menit)
06:17:51 |   [AUTHOR_TRUST] 714,000/715,604 baris tertulis (24,394 baris/detik, ETA ~0.0 menit)
06:17:51 |   [AUTHOR_TRUST] 715,604/715,604 baris tertulis (24,396 baris/detik, ETA ~0.0 menit)
06:17:51 | ==============================================================================
06:17:51 | STEP 7 - Verifikasi
06:17:51 | ==============================================================================
06:17:52 |   Neo4j User        : 293,078
06:17:52 |   Neo4j AUTHOR_TRUST: 715,604
06:17:52 | ==============================================================================
06:17:52 | SELESAI dalam 49.1s
06:17:52 | ==============================================================================
